// Jest Snapshot v1, https://goo.gl/fbAQLP

exports[`Schema throws on a bad schema 1`] = `"not a valid schema: Error: name is required,Error: Cannot cast >>eighteen<< to Number"`;
